\BOOKMARK [1][-]{section.1}{\376\377\000I\000n\000t\000r\000o\000d\000u\000c\000t\000i\000o\000n}{}% 1
\BOOKMARK [1][-]{section.2}{\376\377\000C\000o\000n\000c\000e\000p\000t\000i\000o\000n\000\040\000d\000e\000\040\000l\000'\000a\000p\000p\000l\000i\000c\000a\000t\000i\000o\000n}{}% 2
\BOOKMARK [2][-]{subsection.2.1}{\376\377\000R\000\351\000f\000l\000e\000x\000i\000o\000n\000\040\000s\000u\000r\000\040\000l\000e\000\040\000d\000\351\000c\000o\000u\000p\000a\000g\000e}{section.2}% 3
\BOOKMARK [2][-]{subsection.2.2}{\376\377\000V\000u\000e\000\040\000d\000'\000e\000n\000s\000e\000m\000b\000l\000e\000\040\000d\000e\000\040\000l\000'\000a\000r\000c\000h\000i\000t\000e\000c\000t\000u\000r\000e}{section.2}% 4
\BOOKMARK [2][-]{subsection.2.3}{\376\377\000D\000e\000s\000c\000r\000i\000p\000t\000i\000o\000n\000\040\000d\000e\000s\000\040\000s\000e\000r\000v\000i\000c\000e\000s}{section.2}% 5
\BOOKMARK [3][-]{subsubsection.2.3.1}{\376\377\000A\000P\000I\000\040\000G\000a\000t\000e\000w\000a\000y}{subsection.2.3}% 6
\BOOKMARK [3][-]{subsubsection.2.3.2}{\376\377\000A\000u\000t\000h\000-\000s\000e\000r\000v\000i\000c\000e}{subsection.2.3}% 7
\BOOKMARK [3][-]{subsubsection.2.3.3}{\376\377\000U\000s\000e\000r\000-\000s\000e\000r\000v\000i\000c\000e}{subsection.2.3}% 8
\BOOKMARK [3][-]{subsubsection.2.3.4}{\376\377\000P\000r\000o\000p\000e\000r\000t\000y\000-\000s\000e\000r\000v\000i\000c\000e}{subsection.2.3}% 9
\BOOKMARK [3][-]{subsubsection.2.3.5}{\376\377\000M\000e\000s\000s\000a\000g\000i\000n\000g\000-\000s\000e\000r\000v\000i\000c\000e}{subsection.2.3}% 10
\BOOKMARK [3][-]{subsubsection.2.3.6}{\376\377\000I\000n\000t\000e\000r\000f\000a\000c\000e\000s\000\040\000f\000r\000o\000n\000t\000e\000n\000d}{subsection.2.3}% 11
\BOOKMARK [2][-]{subsection.2.4}{\376\377\000I\000n\000t\000e\000r\000a\000c\000t\000i\000o\000n\000s\000\040\000e\000n\000t\000r\000e\000\040\000l\000e\000s\000\040\000s\000e\000r\000v\000i\000c\000e\000s}{section.2}% 12
\BOOKMARK [2][-]{subsection.2.5}{\376\377\000G\000e\000s\000t\000i\000o\000n\000\040\000d\000e\000\040\000l\000a\000\040\000r\000\351\000s\000i\000l\000i\000e\000n\000c\000e}{section.2}% 13
\BOOKMARK [1][-]{section.3}{\376\377\000T\000e\000c\000h\000n\000o\000l\000o\000g\000i\000e\000s\000\040\000a\000d\000o\000p\000t\000\351\000e\000s}{}% 14
\BOOKMARK [2][-]{subsection.3.1}{\376\377\000S\000t\000a\000c\000k\000\040\000t\000e\000c\000h\000n\000i\000q\000u\000e}{section.3}% 15
\BOOKMARK [2][-]{subsection.3.2}{\376\377\000G\000e\000s\000t\000i\000o\000n\000\040\000d\000e\000s\000\040\000i\000n\000t\000e\000r\000a\000c\000t\000i\000o\000n\000s\000\040\000e\000n\000t\000r\000e\000\040\000l\000e\000s\000\040\000s\000e\000r\000v\000i\000c\000e\000s}{section.3}% 16
\BOOKMARK [2][-]{subsection.3.3}{\376\377\000G\000e\000s\000t\000i\000o\000n\000\040\000d\000e\000\040\000l\000a\000\040\000c\000o\000n\000f\000i\000g\000u\000r\000a\000t\000i\000o\000n}{section.3}% 17
\BOOKMARK [2][-]{subsection.3.4}{\376\377\000G\000e\000s\000t\000i\000o\000n\000\040\000d\000e\000\040\000l\000'\000a\000u\000t\000h\000e\000n\000t\000i\000f\000i\000c\000a\000t\000i\000o\000n\000\040\000e\000t\000\040\000d\000e\000s\000\040\000h\000a\000b\000i\000l\000i\000t\000a\000t\000i\000o\000n\000s}{section.3}% 18
\BOOKMARK [2][-]{subsection.3.5}{\376\377\000G\000e\000s\000t\000i\000o\000n\000\040\000d\000u\000\040\000d\000\351\000p\000l\000o\000i\000e\000m\000e\000n\000t}{section.3}% 19
\BOOKMARK [2][-]{subsection.3.6}{\376\377\000G\000e\000s\000t\000i\000o\000n\000\040\000d\000e\000s\000\040\000e\000r\000r\000e\000u\000r\000s\000\040\000e\000t\000\040\000l\000o\000g\000g\000i\000n\000g}{section.3}% 20
\BOOKMARK [1][-]{section.4}{\376\377\000F\000o\000n\000c\000t\000i\000o\000n\000n\000a\000l\000i\000t\000\351\000s\000\040\000r\000\351\000a\000l\000i\000s\000\351\000e\000s}{}% 21
\BOOKMARK [2][-]{subsection.4.1}{\376\377\000C\000\364\000t\000\351\000\040\000l\000o\000c\000a\000t\000a\000i\000r\000e}{section.4}% 22
\BOOKMARK [2][-]{subsection.4.2}{\376\377\000C\000\364\000t\000\351\000\040\000p\000r\000o\000p\000r\000i\000\351\000t\000a\000i\000r\000e}{section.4}% 23
\BOOKMARK [2][-]{subsection.4.3}{\376\377\000R\000\351\000s\000i\000l\000i\000e\000n\000c\000e}{section.4}% 24
\BOOKMARK [1][-]{section.5}{\376\377\000C\000o\000n\000c\000l\000u\000s\000i\000o\000n}{}% 25
